# Move-Ordering Smoke-Test
#   Baseline   : martuni.backup-pre-mvv-20260516
#   Challenger : martuni-mvv-cp
#   movetime   : 30000 ms, max_depth 16, hash 256 MB
#   probes     : 9 Cluster-1b-Stellungen

Stellung               |   Base maxD/best/flip→best/qual |   Chal maxD/best/flip→best/qual
------------------------------------------------------------------------------------------------------------------------
H62xk9vz m14 W         |   8/e1d2  /n/a  /B             |   9/c2d2  /d8   /G            
zcBr22eo m24 B         |   9/d5c4  /d4   /G             |   9/d5c4  /d4   /G            
wo4G1Ae5 m19 W         |   9/e6f8  /n/a  /?             |   9/e6f8  /n/a  /?            
m1oQlfmG m18 W         |  10/c3e4  /n/a  /B             |  10/c3e4  /n/a  /B            
54iwUiMx m25 B         |   8/d7e8  /n/a  /?             |   8/d7e8  /n/a  /?            
25eZUsMT m19 W         |  11/b3c4  /d1   /G             |  11/b3c4  /d1   /G            
W5AboGf0 m29 W         |   9/e6d6  /d9   /G             |  10/e6g4  /n/a  /B            
FLSJc0Sm m12 B         |  10/c6e5  /d1   /G             |   9/c6e5  /d1   /G            
wo4G1Ae5 m15 W         |   8/f3d2  /n/a  /?             |   9/e4f5  /d9   /G            
------------------------------------------------------------------------------------------------------------------------
Quality: Base  G=4 B=2 ?=3    Chal  G=5 B=2 ?=2
Σ maxD : Base 82 (Ø 9.11)    Chal 84 (Ø 9.33)    Δ +2

VERBESSERUNGEN (Chal G, Base nicht):
  + H62xk9vz m14 W  B → G
  + wo4G1Ae5 m15 W  ? → G
REGRESSIONEN (Base G, Chal nicht):
  - W5AboGf0 m29 W  G → B
