# Aspiration Smoke-Test, max_depth=16, movetime=30000ms, engine=martuni
# Cluster-1b-Probes aus probe_missed_captures.py
# CSV: logs/aspiration_probe.csv

Stellung               | mode | maxD | best   | flip→best  | reS  | wide | researches/depth
------------------------------------------------------------------------------------------------------------------------
H62xk9vz m14 W         | OFF  |    9 | c2d2   | d9         |    0 |    0 | 0.00  (G)
H62xk9vz m14 W         | ON   |    9 | c2d2   | d8         |    3 |    0 | 0.60  (G)
zcBr22eo m24 B         | OFF  |    9 | d5c4   | d4         |    0 |    0 | 0.00  (G)
zcBr22eo m24 B         | ON   |    9 | d5c4   | d8         |    7 |    0 | 1.40  (G)
wo4G1Ae5 m19 W         | OFF  |    9 | e6f8   | plays e6f8 |    0 |    0 | 0.00  (?)
wo4G1Ae5 m19 W         | ON   |   10 | f3g4   | d10        |    3 |    0 | 0.50  (G)
m1oQlfmG m18 W         | OFF  |   10 | c3e4   | plays c3e4 |    0 |    0 | 0.00  (B)
m1oQlfmG m18 W         | ON   |    9 | c4d5   | d8         |    8 |    0 | 1.60  (G)
54iwUiMx m25 B         | OFF  |    8 | d7e8   | plays d7e8 |    0 |    0 | 0.00  (?)
54iwUiMx m25 B         | ON   |    8 | c6e7   | plays c6e7 |    0 |    0 | 0.00  (B)
25eZUsMT m19 W         | OFF  |   11 | b3c4   | d1         |    0 |    0 | 0.00  (G)
25eZUsMT m19 W         | ON   |   10 | b3c4   | d1         |   10 |    0 | 1.67  (G)
W5AboGf0 m29 W         | OFF  |    9 | e6d6   | d9         |    0 |    0 | 0.00  (G)
W5AboGf0 m29 W         | ON   |    9 | e6g4   | plays e6g4 |    2 |    0 | 0.40  (B)
FLSJc0Sm m12 B         | OFF  |   10 | c6e5   | d1         |    0 |    0 | 0.00  (G)
FLSJc0Sm m12 B         | ON   |   10 | c6e5   | d1         |    9 |    0 | 1.50  (G)
wo4G1Ae5 m15 W         | OFF  |    9 | f3d2   | plays f3d2 |    0 |    0 | 0.00  (?)
wo4G1Ae5 m15 W         | ON   |    8 | f3d2   | plays f3d2 |    5 |    0 | 1.25  (?)
------------------------------------------------------------------------------------------------------------------------
Summe max-depth     OFF=84  ON=82  Δ=-2
Mittelwert max-depth OFF=9.33  ON=9.11
Aspiration researches (Σ 9 Stellungen): 47  widenings: 0
Re-Search-Quote: 47/46 = 102.2%  (Schwelle <30%)
